2026-09-12 08:32:07Z System.Windows.Markup.XamlParseException: 'The invocation of the constructor on type 'LenovoLoqControl.MainWindow' that matches the specified binding constraints threw an exception.' Line number '3' and line position '9'.
 ---> System.InvalidCastException: Unable to cast object of type 'System.Management.PropertyData' to type 'System.IConvertible'.
   at System.Convert.ToInt32(Object value)
   at LenovoLoqControl.Hardware.LenovoWmiFanController.Probe() in C:\Users\chand\fan\src\LenovoLoqControl\Hardware\LenovoWmiFanController.cs:line 89
   at LenovoLoqControl.Hardware.LenovoWmiFanController..ctor() in C:\Users\chand\fan\src\LenovoLoqControl\Hardware\LenovoWmiFanController.cs:line 17
   at LenovoLoqControl.Hardware.HardwareBackend..ctor() in C:\Users\chand\fan\src\LenovoLoqControl\Hardware\HardwareBackend.cs:line 13
   at LenovoLoqControl.MainWindow..ctor() in C:\Users\chand\fan\src\LenovoLoqControl\MainWindow.xaml.cs:line 10
   at System.RuntimeType.CreateInstanceDefaultCtor(Boolean publicOnly, Boolean wrapExceptions)
   --- End of inner exception stack trace ---
   at System.Windows.Markup.XamlReader.RewrapException(Exception e, IXamlLineInfo lineInfo, Uri baseUri)
   at System.Windows.Markup.WpfXamlLoader.Load(XamlReader xamlReader, IXamlObjectWriterFactory writerFactory, Boolean skipJournaledProperties, Object rootObject, XamlObjectWriterSettings settings, Uri baseUri)
   at System.Windows.Markup.WpfXamlLoader.LoadBaml(XamlReader xamlReader, Boolean skipJournaledProperties, Object rootObject, XamlAccessLevel accessLevel, Uri baseUri)
   at System.Windows.Markup.XamlReader.LoadBaml(Stream stream, ParserContext parserContext, Object parent, Boolean closeStream)
   at System.Windows.Application.LoadBamlStreamWithSyncInfo(Stream stream, ParserContext pc)
   at System.Windows.Application.DoStartup()
   at System.Windows.Application.<.ctor>b__1_0(Object unused)
   at System.Windows.Threading.ExceptionWrapper.InternalRealCall(Delegate callback, Object args, Int32 numArgs)
   at System.Windows.Threading.ExceptionWrapper.TryCatchWhen(Object source, Delegate callback, Object args, Int32 numArgs, Delegate catchHandler)
2026-09-12 15:12:31Z System.Windows.Markup.XamlParseException: 'Provide value on 'System.Windows.Markup.StaticResourceHolder' threw an exception.' Line number '75' and line position '43'.
 ---> System.Exception: Cannot find resource named 'Text.Caption'. Resource names are case sensitive.
   at System.Windows.StaticResourceExtension.ProvideValueInternal(IServiceProvider serviceProvider, Boolean allowDeferredReference)
   at MS.Internal.Xaml.Runtime.ClrObjectRuntime.CallProvideValue(MarkupExtension me, IServiceProvider serviceProvider)
   --- End of inner exception stack trace ---
   at System.Windows.Markup.XamlReader.RewrapException(Exception e, IXamlLineInfo lineInfo, Uri baseUri)
   at System.Windows.Markup.WpfXamlLoader.Load(XamlReader xamlReader, IXamlObjectWriterFactory writerFactory, Boolean skipJournaledProperties, Object rootObject, XamlObjectWriterSettings settings, Uri baseUri)
   at System.Windows.Markup.WpfXamlLoader.LoadBaml(XamlReader xamlReader, Boolean skipJournaledProperties, Object rootObject, XamlAccessLevel accessLevel, Uri baseUri)
   at System.Windows.Markup.XamlReader.LoadBaml(Stream stream, ParserContext parserContext, Object parent, Boolean closeStream)
   at System.Windows.Application.LoadBamlStreamWithSyncInfo(Stream stream, ParserContext pc)
   at System.Windows.Application.DoStartup()
   at System.Windows.Application.<.ctor>b__1_0(Object unused)
   at System.Windows.Threading.ExceptionWrapper.InternalRealCall(Delegate callback, Object args, Int32 numArgs)
   at System.Windows.Threading.ExceptionWrapper.TryCatchWhen(Object source, Delegate callback, Object args, Int32 numArgs, Delegate catchHandler)
2026-09-12 15:13:03Z System.Windows.Markup.XamlParseException: 'Provide value on 'System.Windows.Markup.StaticResourceHolder' threw an exception.' Line number '18' and line position '4'.
 ---> System.Exception: Cannot find resource named 'Color.TextSecondary'. Resource names are case sensitive.
   at System.Windows.StaticResourceExtension.ProvideValueInternal(IServiceProvider serviceProvider, Boolean allowDeferredReference)
   at MS.Internal.Xaml.Runtime.ClrObjectRuntime.CallProvideValue(MarkupExtension me, IServiceProvider serviceProvider)
   --- End of inner exception stack trace ---
   at System.Windows.Markup.XamlReader.RewrapException(Exception e, IXamlLineInfo lineInfo, Uri baseUri)
   at System.Windows.Markup.WpfXamlLoader.Load(XamlReader xamlReader, IXamlObjectWriterFactory writerFactory, Boolean skipJournaledProperties, Object rootObject, XamlObjectWriterSettings settings, Uri baseUri)
   at System.Windows.Markup.WpfXamlLoader.LoadBaml(XamlReader xamlReader, Boolean skipJournaledProperties, Object rootObject, XamlAccessLevel accessLevel, Uri baseUri)
   at System.Windows.Markup.XamlReader.LoadBaml(Stream stream, ParserContext parserContext, Object parent, Boolean closeStream)
   at System.Windows.Application.LoadBamlStreamWithSyncInfo(Stream stream, ParserContext pc)
   at System.Windows.Application.DoStartup()
   at System.Windows.Application.<.ctor>b__1_0(Object unused)
   at System.Windows.Threading.ExceptionWrapper.InternalRealCall(Delegate callback, Object args, Int32 numArgs)
   at System.Windows.Threading.ExceptionWrapper.TryCatchWhen(Object source, Delegate callback, Object args, Int32 numArgs, Delegate catchHandler)
2026-09-12 15:13:39Z System.Windows.Markup.XamlParseException: 'Set property 'System.Windows.FrameworkElement.Style' threw an exception.' Line number '53' and line position '10'.
 ---> System.InvalidOperationException: '{DependencyProperty.UnsetValue}' is not a valid value for property 'Effect'.
   at System.Windows.DependencyObject.GetEffectiveValue(EntryIndex entryIndex, DependencyProperty dp, RequestFlags requests)
   at System.Windows.DependencyObject.GetValueEntry(EntryIndex entryIndex, DependencyProperty dp, PropertyMetadata metadata, RequestFlags requests)
   at System.Windows.DependencyObject.GetValue(DependencyProperty dp)
   at System.Windows.UIElement.get_Effect()
   at System.Windows.UIElement.OnEffectChanged(DependencyObject d, DependencyPropertyChangedEventArgs e)
   at System.Windows.FrameworkElement.OnPropertyChanged(DependencyPropertyChangedEventArgs e)
   at System.Windows.DependencyObject.NotifyPropertyChange(DependencyPropertyChangedEventArgs args)
   at System.Windows.DependencyObject.UpdateEffectiveValue(EntryIndex entryIndex, DependencyProperty dp, PropertyMetadata metadata, EffectiveValueEntry oldEntry, EffectiveValueEntry& newEntry, Boolean coerceWithDeferredReference, Boolean coerceWithCurrentValue, OperationType operationType)
   at System.Windows.StyleHelper.ApplyStyleOrTemplateValue(FrameworkObject fo, DependencyProperty dp)
   at System.Windows.StyleHelper.InvalidateContainerDependents(DependencyObject container, FrugalStructList`1& exclusionContainerDependents, FrugalStructList`1& oldContainerDependents, FrugalStructList`1& newContainerDependents)
   at System.Windows.StyleHelper.DoStyleInvalidations(FrameworkElement fe, FrameworkContentElement fce, Style oldStyle, Style newStyle)
   at System.Windows.StyleHelper.UpdateStyleCache(FrameworkElement fe, FrameworkContentElement fce, Style oldStyle, Style newStyle, Style& styleCache)
   at System.Windows.FrameworkElement.OnStyleChanged(DependencyObject d, DependencyPropertyChangedEventArgs e)
   at System.Windows.FrameworkElement.OnPropertyChanged(DependencyPropertyChangedEventArgs e)
   at System.Windows.DependencyObject.NotifyPropertyChange(DependencyPropertyChangedEventArgs args)
   at System.Windows.DependencyObject.UpdateEffectiveValue(EntryIndex entryIndex, DependencyProperty dp, PropertyMetadata metadata, EffectiveValueEntry oldEntry, EffectiveValueEntry& newEntry, Boolean coerceWithDeferredReference, Boolean coerceWithCurrentValue, OperationType operationType)
   at System.Windows.DependencyObject.SetValueCommon(DependencyProperty dp, Object value, PropertyMetadata metadata, Boolean coerceWithDeferredReference, Boolean coerceWithCurrentValue, OperationType operationType, Boolean isInternal)
   at System.Windows.DependencyObject.SetValue(DependencyProperty dp, Object value)
   at MS.Internal.Xaml.Runtime.ClrObjectRuntime.SetValue(Object inst, XamlMember property, Object value)
   --- End of inner exception stack trace ---
   at System.Windows.Markup.XamlReader.RewrapException(Exception e, IXamlLineInfo lineInfo, Uri baseUri)
   at System.Windows.Markup.WpfXamlLoader.Load(XamlReader xamlReader, IXamlObjectWriterFactory writerFactory, Boolean skipJournaledProperties, Object rootObject, XamlObjectWriterSettings settings, Uri baseUri)
   at System.Windows.Markup.WpfXamlLoader.LoadBaml(XamlReader xamlReader, Boolean skipJournaledProperties, Object rootObject, XamlAccessLevel accessLevel, Uri baseUri)
   at System.Windows.Markup.XamlReader.LoadBaml(Stream stream, ParserContext parserContext, Object parent, Boolean closeStream)
   at System.Windows.Application.LoadBamlStreamWithSyncInfo(Stream stream, ParserContext pc)
   at System.Windows.Application.DoStartup()
   at System.Windows.Application.<.ctor>b__1_0(Object unused)
   at System.Windows.Threading.ExceptionWrapper.InternalRealCall(Delegate callback, Object args, Int32 numArgs)
   at System.Windows.Threading.ExceptionWrapper.TryCatchWhen(Object source, Delegate callback, Object args, Int32 numArgs, Delegate catchHandler)
2026-09-12 15:14:17Z System.InvalidOperationException: '{DependencyProperty.UnsetValue}' is not a valid value for property 'Foreground'.
   at System.Windows.DependencyObject.GetEffectiveValue(EntryIndex entryIndex, DependencyProperty dp, RequestFlags requests)
   at System.Windows.DependencyObject.GetValueEntry(EntryIndex entryIndex, DependencyProperty dp, PropertyMetadata metadata, RequestFlags requests)
   at System.Windows.DependencyObject.GetValue(DependencyProperty dp)
   at MS.Internal.Text.TextProperties.InitCommon(DependencyObject target)
   at MS.Internal.Text.TextProperties..ctor(FrameworkElement target, Boolean isTypographyDefaultValue)
   at System.Windows.Controls.TextBlock.GetLineProperties()
   at System.Windows.Controls.TextBlock.EnsureTextBlockCache()
   at System.Windows.Controls.TextBlock.MeasureOverride(Size constraint)
   at System.Windows.FrameworkElement.MeasureCore(Size availableSize)
   at System.Windows.UIElement.Measure(Size availableSize)
   at System.Windows.Controls.StackPanel.StackMeasureHelper(IStackMeasure measureElement, IStackMeasureScrollData scrollData, Size constraint)
   at System.Windows.Controls.StackPanel.MeasureOverride(Size constraint)
   at System.Windows.FrameworkElement.MeasureCore(Size availableSize)
   at System.Windows.UIElement.Measure(Size availableSize)
   at System.Windows.Controls.Grid.MeasureCell(Int32 cell, Boolean forceInfinityV)
   at System.Windows.Controls.Grid.MeasureCellsGroup(Int32 cellsHead, Size referenceSize, Boolean ignoreDesiredSizeU, Boolean forceInfinityV, Boolean& hasDesiredSizeUChanged)
   at System.Windows.Controls.Grid.MeasureOverride(Size constraint)
   at System.Windows.FrameworkElement.MeasureCore(Size availableSize)
   at System.Windows.UIElement.Measure(Size availableSize)
   at System.Windows.Controls.Border.MeasureOverride(Size constraint)
   at System.Windows.FrameworkElement.MeasureCore(Size availableSize)
   at System.Windows.UIElement.Measure(Size availableSize)
   at System.Windows.Controls.Grid.MeasureCell(Int32 cell, Boolean forceInfinityV)
   at System.Windows.Controls.Grid.MeasureCellsGroup(Int32 cellsHead, Size referenceSize, Boolean ignoreDesiredSizeU, Boolean forceInfinityV, Boolean& hasDesiredSizeUChanged)
   at System.Windows.Controls.Grid.MeasureOverride(Size constraint)
   at System.Windows.FrameworkElement.MeasureCore(Size availableSize)
   at System.Windows.UIElement.Measure(Size availableSize)
   at MS.Internal.Helper.MeasureElementWithSingleChild(UIElement element, Size constraint)
   at System.Windows.FrameworkElement.MeasureCore(Size availableSize)
   at System.Windows.UIElement.Measure(Size availableSize)
   at System.Windows.Controls.Decorator.MeasureOverride(Size constraint)
   at System.Windows.Documents.AdornerDecorator.MeasureOverride(Size constraint)
   at System.Windows.FrameworkElement.MeasureCore(Size availableSize)
   at System.Windows.UIElement.Measure(Size availableSize)
   at System.Windows.Controls.Border.MeasureOverride(Size constraint)
   at System.Windows.FrameworkElement.MeasureCore(Size availableSize)
   at System.Windows.UIElement.Measure(Size availableSize)
   at System.Windows.Window.MeasureOverrideHelper(Size constraint)
   at System.Windows.Window.MeasureOverride(Size availableSize)
   at System.Windows.FrameworkElement.MeasureCore(Size availableSize)
   at System.Windows.UIElement.Measure(Size availableSize)
   at System.Windows.Interop.HwndSource.SetLayoutSize()
   at System.Windows.Interop.HwndSource.set_RootVisualInternal(Visual value)
   at System.Windows.Window.SetRootVisualAndUpdateSTC()
   at System.Windows.Window.SetupInitialState(Double requestedTop, Double requestedLeft, Double requestedWidth, Double requestedHeight)
   at System.Windows.Window.CreateSourceWindow(Boolean duringShow)
   at System.Windows.Window.ShowHelper(Object booleanBox)
   at System.Windows.Threading.ExceptionWrapper.InternalRealCall(Delegate callback, Object args, Int32 numArgs)
   at System.Windows.Threading.ExceptionWrapper.TryCatchWhen(Object source, Delegate callback, Object args, Int32 numArgs, Delegate catchHandler)
2026-09-12 15:15:53Z System.Reflection.TargetInvocationException: Exception has been thrown by the target of an invocation.
 ---> System.NullReferenceException: Object reference not set to an instance of an object.
   at LenovoLoqControl.UI.Controls.AnimatedFanVisualization.StopMotion() in C:\Users\chand\fan\src\LenovoLoqControl\UI\Controls\AnimatedFanVisualization.cs:line 237
   at LenovoLoqControl.UI.Controls.AnimatedFanVisualization.UpdateMotion() in C:\Users\chand\fan\src\LenovoLoqControl\UI\Controls\AnimatedFanVisualization.cs:line 199
   at LenovoLoqControl.UI.Controls.AnimatedFanVisualization.OnRpmChanged(DependencyObject d, DependencyPropertyChangedEventArgs e) in C:\Users\chand\fan\src\LenovoLoqControl\UI\Controls\AnimatedFanVisualization.cs:line 159
   at System.Windows.FrameworkElement.OnPropertyChanged(DependencyPropertyChangedEventArgs e)
   at System.Windows.DependencyObject.NotifyPropertyChange(DependencyPropertyChangedEventArgs args)
   at System.Windows.DependencyObject.UpdateEffectiveValue(EntryIndex entryIndex, DependencyProperty dp, PropertyMetadata metadata, EffectiveValueEntry oldEntry, EffectiveValueEntry& newEntry, Boolean coerceWithDeferredReference, Boolean coerceWithCurrentValue, OperationType operationType)
   at System.Windows.DependencyObject.SetValueCommon(DependencyProperty dp, Object value, PropertyMetadata metadata, Boolean coerceWithDeferredReference, Boolean coerceWithCurrentValue, OperationType operationType, Boolean isInternal)
   at System.Windows.DependencyObject.SetValue(DependencyProperty dp, Object value)
   at LenovoLoqControl.UI.Controls.AnimatedFanVisualization.set_PreferReducedMotion(Boolean value) in C:\Users\chand\fan\src\LenovoLoqControl\UI\Controls\AnimatedFanVisualization.cs:line 153
   at LenovoLoqControl.UI.Controls.AnimatedFanVisualization..ctor() in C:\Users\chand\fan\src\LenovoLoqControl\UI\Controls\AnimatedFanVisualization.cs:line 42
   at System.RuntimeType.CreateInstanceDefaultCtor(Boolean publicOnly, Boolean wrapExceptions)
   --- End of inner exception stack trace ---
   at System.RuntimeType.CreateInstanceDefaultCtor(Boolean publicOnly, Boolean wrapExceptions)
   at System.RuntimeType.CreateInstanceImpl(BindingFlags bindingAttr, Binder binder, Object[] args, CultureInfo culture)
   at System.Activator.CreateInstance(Type type, Object[] args)
   at MS.Internal.Xaml.Runtime.ClrObjectRuntime.CreateInstance(XamlType xamlType, Object[] args)
   at MS.Internal.Xaml.Runtime.PartialTrustTolerantRuntime.CreateInstance(XamlType xamlType, Object[] args)
   at System.Xaml.XamlObjectWriter.Logic_CreateAndAssignToParentStart(ObjectWriterContext ctx)
   at System.Xaml.XamlObjectWriter.WriteStartMember(XamlMember property)
   at System.Windows.Markup.WpfXamlLoader.TransformNodes(XamlReader xamlReader, XamlObjectWriter xamlWriter, Boolean onlyLoadOneNode, Boolean skipJournaledProperties, Boolean shouldPassLineNumberInfo, IXamlLineInfo xamlLineInfo, IXamlLineInfoConsumer xamlLineInfoConsumer, XamlContextStack`1 stack, IStyleConnector styleConnector)
   at System.Windows.Markup.WpfXamlLoader.Load(XamlReader xamlReader, IXamlObjectWriterFactory writerFactory, Boolean skipJournaledProperties, Object rootObject, XamlObjectWriterSettings settings, Uri baseUri)
   at System.Windows.Markup.WpfXamlLoader.LoadBaml(XamlReader xamlReader, Boolean skipJournaledProperties, Object rootObject, XamlAccessLevel accessLevel, Uri baseUri)
   at System.Windows.Markup.XamlReader.LoadBaml(Stream stream, ParserContext parserContext, Object parent, Boolean closeStream)
   at System.Windows.Application.LoadComponent(Object component, Uri resourceLocator)
   at LenovoLoqControl.UI.FanControlView.InitializeComponent() in C:\Users\chand\fan\src\LenovoLoqControl\UI\FanControlView.xaml:line 1
   at LenovoLoqControl.UI.FanControlView..ctor(IHardwareBackend hardware) in C:\Users\chand\fan\src\LenovoLoqControl\UI\FanControlView.xaml.cs:line 25
   at LenovoLoqControl.MainWindow.FanClick(Object sender, RoutedEventArgs e) in C:\Users\chand\fan\src\LenovoLoqControl\MainWindow.xaml.cs:line 109
   at System.Windows.EventRoute.InvokeHandlersImpl(Object source, RoutedEventArgs args, Boolean reRaised)
   at System.Windows.UIElement.RaiseEventImpl(DependencyObject sender, RoutedEventArgs args)
   at System.Windows.Controls.Primitives.ButtonBase.OnClick()
   at System.Windows.Controls.Button.OnClick()
   at System.Windows.Controls.Primitives.ButtonBase.OnMouseLeftButtonUp(MouseButtonEventArgs e)
   at System.Windows.RoutedEventArgs.InvokeHandler(Delegate handler, Object target)
   at System.Windows.EventRoute.InvokeHandlersImpl(Object source, RoutedEventArgs args, Boolean reRaised)
   at System.Windows.UIElement.ReRaiseEventAs(DependencyObject sender, RoutedEventArgs args, RoutedEvent newEvent)
   at System.Windows.RoutedEventArgs.InvokeHandler(Delegate handler, Object target)
   at System.Windows.EventRoute.InvokeHandlersImpl(Object source, RoutedEventArgs args, Boolean reRaised)
   at System.Windows.UIElement.RaiseEventImpl(DependencyObject sender, RoutedEventArgs args)
   at System.Windows.UIElement.RaiseTrustedEvent(RoutedEventArgs args)
   at System.Windows.Input.InputManager.ProcessStagingArea()
   at System.Windows.Interop.HwndMouseInputProvider.ReportInput(IntPtr hwnd, InputMode mode, Int32 timestamp, RawMouseActions actions, Int32 x, Int32 y, Int32 wheel)
   at System.Windows.Interop.HwndMouseInputProvider.FilterMessage(IntPtr hwnd, WindowMessage msg, IntPtr wParam, IntPtr lParam, Boolean& handled)
   at System.Windows.Interop.HwndSource.InputFilterMessage(IntPtr hwnd, Int32 msg, IntPtr wParam, IntPtr lParam, Boolean& handled)
   at MS.Win32.HwndWrapper.WndProc(IntPtr hwnd, Int32 msg, IntPtr wParam, IntPtr lParam, Boolean& handled)
   at System.Windows.Threading.ExceptionWrapper.InternalRealCall(Delegate callback, Object args, Int32 numArgs)
   at System.Windows.Threading.ExceptionWrapper.TryCatchWhen(Object source, Delegate callback, Object args, Int32 numArgs, Delegate catchHandler)
2026-09-12 15:21:36Z System.Reflection.TargetInvocationException: Exception has been thrown by the target of an invocation.
 ---> System.NullReferenceException: Object reference not set to an instance of an object.
   at LenovoLoqControl.UI.Controls.AnimatedFanVisualization.StopMotion() in C:\Users\chand\fan\src\LenovoLoqControl\UI\Controls\AnimatedFanVisualization.cs:line 237
   at LenovoLoqControl.UI.Controls.AnimatedFanVisualization.UpdateMotion() in C:\Users\chand\fan\src\LenovoLoqControl\UI\Controls\AnimatedFanVisualization.cs:line 199
   at LenovoLoqControl.UI.Controls.AnimatedFanVisualization.OnRpmChanged(DependencyObject d, DependencyPropertyChangedEventArgs e) in C:\Users\chand\fan\src\LenovoLoqControl\UI\Controls\AnimatedFanVisualization.cs:line 159
   at System.Windows.FrameworkElement.OnPropertyChanged(DependencyPropertyChangedEventArgs e)
   at System.Windows.DependencyObject.NotifyPropertyChange(DependencyPropertyChangedEventArgs args)
   at System.Windows.DependencyObject.UpdateEffectiveValue(EntryIndex entryIndex, DependencyProperty dp, PropertyMetadata metadata, EffectiveValueEntry oldEntry, EffectiveValueEntry& newEntry, Boolean coerceWithDeferredReference, Boolean coerceWithCurrentValue, OperationType operationType)
   at System.Windows.DependencyObject.SetValueCommon(DependencyProperty dp, Object value, PropertyMetadata metadata, Boolean coerceWithDeferredReference, Boolean coerceWithCurrentValue, OperationType operationType, Boolean isInternal)
   at System.Windows.DependencyObject.SetValue(DependencyProperty dp, Object value)
   at LenovoLoqControl.UI.Controls.AnimatedFanVisualization.set_PreferReducedMotion(Boolean value) in C:\Users\chand\fan\src\LenovoLoqControl\UI\Controls\AnimatedFanVisualization.cs:line 153
   at LenovoLoqControl.UI.Controls.AnimatedFanVisualization..ctor() in C:\Users\chand\fan\src\LenovoLoqControl\UI\Controls\AnimatedFanVisualization.cs:line 42
   at System.RuntimeType.CreateInstanceDefaultCtor(Boolean publicOnly, Boolean wrapExceptions)
   --- End of inner exception stack trace ---
   at System.RuntimeType.CreateInstanceDefaultCtor(Boolean publicOnly, Boolean wrapExceptions)
   at System.RuntimeType.CreateInstanceImpl(BindingFlags bindingAttr, Binder binder, Object[] args, CultureInfo culture)
   at System.Activator.CreateInstance(Type type, Object[] args)
   at MS.Internal.Xaml.Runtime.ClrObjectRuntime.CreateInstance(XamlType xamlType, Object[] args)
   at MS.Internal.Xaml.Runtime.PartialTrustTolerantRuntime.CreateInstance(XamlType xamlType, Object[] args)
   at System.Xaml.XamlObjectWriter.Logic_CreateAndAssignToParentStart(ObjectWriterContext ctx)
   at System.Xaml.XamlObjectWriter.WriteStartMember(XamlMember property)
   at System.Windows.Markup.WpfXamlLoader.TransformNodes(XamlReader xamlReader, XamlObjectWriter xamlWriter, Boolean onlyLoadOneNode, Boolean skipJournaledProperties, Boolean shouldPassLineNumberInfo, IXamlLineInfo xamlLineInfo, IXamlLineInfoConsumer xamlLineInfoConsumer, XamlContextStack`1 stack, IStyleConnector styleConnector)
   at System.Windows.Markup.WpfXamlLoader.Load(XamlReader xamlReader, IXamlObjectWriterFactory writerFactory, Boolean skipJournaledProperties, Object rootObject, XamlObjectWriterSettings settings, Uri baseUri)
   at System.Windows.Markup.WpfXamlLoader.LoadBaml(XamlReader xamlReader, Boolean skipJournaledProperties, Object rootObject, XamlAccessLevel accessLevel, Uri baseUri)
   at System.Windows.Markup.XamlReader.LoadBaml(Stream stream, ParserContext parserContext, Object parent, Boolean closeStream)
   at System.Windows.Application.LoadComponent(Object component, Uri resourceLocator)
   at LenovoLoqControl.UI.FanControlView.InitializeComponent() in C:\Users\chand\fan\src\LenovoLoqControl\UI\FanControlView.xaml:line 1
   at LenovoLoqControl.UI.FanControlView..ctor(IHardwareBackend hardware) in C:\Users\chand\fan\src\LenovoLoqControl\UI\FanControlView.xaml.cs:line 25
   at LenovoLoqControl.MainWindow.FanClick(Object sender, RoutedEventArgs e) in C:\Users\chand\fan\src\LenovoLoqControl\MainWindow.xaml.cs:line 109
   at System.Windows.EventRoute.InvokeHandlersImpl(Object source, RoutedEventArgs args, Boolean reRaised)
   at System.Windows.UIElement.RaiseEventImpl(DependencyObject sender, RoutedEventArgs args)
   at System.Windows.Controls.Primitives.ButtonBase.OnClick()
   at System.Windows.Controls.Button.OnClick()
   at System.Windows.Controls.Primitives.ButtonBase.OnMouseLeftButtonUp(MouseButtonEventArgs e)
   at System.Windows.RoutedEventArgs.InvokeHandler(Delegate handler, Object target)
   at System.Windows.EventRoute.InvokeHandlersImpl(Object source, RoutedEventArgs args, Boolean reRaised)
   at System.Windows.UIElement.ReRaiseEventAs(DependencyObject sender, RoutedEventArgs args, RoutedEvent newEvent)
   at System.Windows.RoutedEventArgs.InvokeHandler(Delegate handler, Object target)
   at System.Windows.EventRoute.InvokeHandlersImpl(Object source, RoutedEventArgs args, Boolean reRaised)
   at System.Windows.UIElement.RaiseEventImpl(DependencyObject sender, RoutedEventArgs args)
   at System.Windows.UIElement.RaiseTrustedEvent(RoutedEventArgs args)
   at System.Windows.Input.InputManager.ProcessStagingArea()
   at System.Windows.Interop.HwndMouseInputProvider.ReportInput(IntPtr hwnd, InputMode mode, Int32 timestamp, RawMouseActions actions, Int32 x, Int32 y, Int32 wheel)
   at System.Windows.Interop.HwndMouseInputProvider.FilterMessage(IntPtr hwnd, WindowMessage msg, IntPtr wParam, IntPtr lParam, Boolean& handled)
   at System.Windows.Interop.HwndSource.InputFilterMessage(IntPtr hwnd, Int32 msg, IntPtr wParam, IntPtr lParam, Boolean& handled)
   at System.Windows.Threading.ExceptionWrapper.InternalRealCall(Delegate callback, Object args, Int32 numArgs)
   at System.Windows.Threading.ExceptionWrapper.TryCatchWhen(Object source, Delegate callback, Object args, Int32 numArgs, Delegate catchHandler)
2026-09-12 15:25:57Z startupCompleted=True System.NullReferenceException: Object reference not set to an instance of an object.
   at LenovoLoqControl.UI.Controls.AnimatedFanVisualization.StopMotion() in C:\Users\chand\fan\src\LenovoLoqControl\UI\Controls\AnimatedFanVisualization.cs:line 237
   at LenovoLoqControl.UI.Controls.AnimatedFanVisualization.UpdateMotion() in C:\Users\chand\fan\src\LenovoLoqControl\UI\Controls\AnimatedFanVisualization.cs:line 199
   at LenovoLoqControl.UI.Controls.AnimatedFanVisualization.OnRpmChanged(DependencyObject d, DependencyPropertyChangedEventArgs e) in C:\Users\chand\fan\src\LenovoLoqControl\UI\Controls\AnimatedFanVisualization.cs:line 159
   at System.Windows.FrameworkElement.OnPropertyChanged(DependencyPropertyChangedEventArgs e)
   at System.Windows.DependencyObject.NotifyPropertyChange(DependencyPropertyChangedEventArgs args)
   at System.Windows.DependencyObject.UpdateEffectiveValue(EntryIndex entryIndex, DependencyProperty dp, PropertyMetadata metadata, EffectiveValueEntry oldEntry, EffectiveValueEntry& newEntry, Boolean coerceWithDeferredReference, Boolean coerceWithCurrentValue, OperationType operationType)
   at System.Windows.DependencyObject.SetValueCommon(DependencyProperty dp, Object value, PropertyMetadata metadata, Boolean coerceWithDeferredReference, Boolean coerceWithCurrentValue, OperationType operationType, Boolean isInternal)
   at System.Windows.DependencyObject.SetValue(DependencyProperty dp, Object value)
   at LenovoLoqControl.UI.Controls.AnimatedFanVisualization.set_PreferReducedMotion(Boolean value) in C:\Users\chand\fan\src\LenovoLoqControl\UI\Controls\AnimatedFanVisualization.cs:line 153
   at LenovoLoqControl.UI.Controls.AnimatedFanVisualization..ctor() in C:\Users\chand\fan\src\LenovoLoqControl\UI\Controls\AnimatedFanVisualization.cs:line 42
   at System.RuntimeType.CreateInstanceDefaultCtor(Boolean publicOnly, Boolean wrapExceptions)
2026-09-12 15:33:26Z startupCompleted=True System.InvalidOperationException: '{DependencyProperty.UnsetValue}' is not a valid value for property 'Effect'.
   at System.Windows.DependencyObject.GetEffectiveValue(EntryIndex entryIndex, DependencyProperty dp, RequestFlags requests)
   at System.Windows.DependencyObject.GetValueEntry(EntryIndex entryIndex, DependencyProperty dp, PropertyMetadata metadata, RequestFlags requests)
   at System.Windows.DependencyObject.GetValue(DependencyProperty dp)
   at System.Windows.UIElement.get_Effect()
   at System.Windows.UIElement.OnEffectChanged(DependencyObject d, DependencyPropertyChangedEventArgs e)
   at System.Windows.FrameworkElement.OnPropertyChanged(DependencyPropertyChangedEventArgs e)
   at System.Windows.DependencyObject.NotifyPropertyChange(DependencyPropertyChangedEventArgs args)
   at System.Windows.DependencyObject.UpdateEffectiveValue(EntryIndex entryIndex, DependencyProperty dp, PropertyMetadata metadata, EffectiveValueEntry oldEntry, EffectiveValueEntry& newEntry, Boolean coerceWithDeferredReference, Boolean coerceWithCurrentValue, OperationType operationType)
   at System.Windows.StyleHelper.InvalidateDependents(Style ownerStyle, FrameworkTemplate frameworkTemplate, DependencyObject container, DependencyProperty dp, FrugalStructList`1& dependents, Boolean invalidateOnlyContainer)
   at System.Windows.StyleHelper.OnTriggerSourcePropertyInvalidated(Style ownerStyle, FrameworkTemplate frameworkTemplate, DependencyObject container, DependencyProperty dp, DependencyPropertyChangedEventArgs changedArgs, Boolean invalidateOnlyContainer, FrugalStructList`1& triggerSourceRecordFromChildIndex, FrugalMap& propertyTriggersWithActions, Int32 sourceChildIndex)
   at System.Windows.FrameworkElement.OnPropertyChanged(DependencyPropertyChangedEventArgs e)
   at System.Windows.DependencyObject.NotifyPropertyChange(DependencyPropertyChangedEventArgs args)
   at System.Windows.DependencyObject.UpdateEffectiveValue(EntryIndex entryIndex, DependencyProperty dp, PropertyMetadata metadata, EffectiveValueEntry oldEntry, EffectiveValueEntry& newEntry, Boolean coerceWithDeferredReference, Boolean coerceWithCurrentValue, OperationType operationType)
   at System.Windows.DependencyObject.SetValueCommon(DependencyProperty dp, Object value, PropertyMetadata metadata, Boolean coerceWithDeferredReference, Boolean coerceWithCurrentValue, OperationType operationType, Boolean isInternal)
   at System.Windows.DependencyObject.SetValue(DependencyPropertyKey key, Object value)
   at System.Windows.Input.KeyboardDevice.ChangeFocus(DependencyObject focus, Int32 timestamp)
   at System.Windows.Input.KeyboardDevice.Focus(DependencyObject focus, Boolean askOld, Boolean askNew, Boolean forceToNullIfFailed)
   at System.Windows.Input.KeyboardDevice.Focus(IInputElement element)
   at System.Windows.UIElement.Focus()
   at System.Windows.Controls.Primitives.ButtonBase.OnMouseLeftButtonDown(MouseButtonEventArgs e)
   at System.Windows.RoutedEventArgs.InvokeHandler(Delegate handler, Object target)
   at System.Windows.EventRoute.InvokeHandlersImpl(Object source, RoutedEventArgs args, Boolean reRaised)
   at System.Windows.UIElement.ReRaiseEventAs(DependencyObject sender, RoutedEventArgs args, RoutedEvent newEvent)
   at System.Windows.RoutedEventArgs.InvokeHandler(Delegate handler, Object target)
   at System.Windows.EventRoute.InvokeHandlersImpl(Object source, RoutedEventArgs args, Boolean reRaised)
   at System.Windows.UIElement.RaiseEventImpl(DependencyObject sender, RoutedEventArgs args)
   at System.Windows.UIElement.RaiseTrustedEvent(RoutedEventArgs args)
   at System.Windows.Input.InputManager.ProcessStagingArea()
   at System.Windows.Interop.HwndMouseInputProvider.ReportInput(IntPtr hwnd, InputMode mode, Int32 timestamp, RawMouseActions actions, Int32 x, Int32 y, Int32 wheel)
   at System.Windows.Interop.HwndMouseInputProvider.FilterMessage(IntPtr hwnd, WindowMessage msg, IntPtr wParam, IntPtr lParam, Boolean& handled)
   at System.Windows.Interop.HwndSource.InputFilterMessage(IntPtr hwnd, Int32 msg, IntPtr wParam, IntPtr lParam, Boolean& handled)
   at System.Windows.Threading.ExceptionWrapper.InternalRealCall(Delegate callback, Object args, Int32 numArgs)
   at System.Windows.Threading.ExceptionWrapper.TryCatchWhen(Object source, Delegate callback, Object args, Int32 numArgs, Delegate catchHandler)
2026-09-12 15:35:41Z startupCompleted=True System.InvalidOperationException: '{DependencyProperty.UnsetValue}' is not a valid value for property 'Effect'.
   at System.Windows.DependencyObject.GetEffectiveValue(EntryIndex entryIndex, DependencyProperty dp, RequestFlags requests)
   at System.Windows.DependencyObject.GetValueEntry(EntryIndex entryIndex, DependencyProperty dp, PropertyMetadata metadata, RequestFlags requests)
   at System.Windows.DependencyObject.GetValue(DependencyProperty dp)
   at System.Windows.UIElement.get_Effect()
   at System.Windows.UIElement.OnEffectChanged(DependencyObject d, DependencyPropertyChangedEventArgs e)
   at System.Windows.FrameworkElement.OnPropertyChanged(DependencyPropertyChangedEventArgs e)
   at System.Windows.DependencyObject.NotifyPropertyChange(DependencyPropertyChangedEventArgs args)
   at System.Windows.DependencyObject.UpdateEffectiveValue(EntryIndex entryIndex, DependencyProperty dp, PropertyMetadata metadata, EffectiveValueEntry oldEntry, EffectiveValueEntry& newEntry, Boolean coerceWithDeferredReference, Boolean coerceWithCurrentValue, OperationType operationType)
   at System.Windows.StyleHelper.InvalidateDependents(Style ownerStyle, FrameworkTemplate frameworkTemplate, DependencyObject container, DependencyProperty dp, FrugalStructList`1& dependents, Boolean invalidateOnlyContainer)
   at System.Windows.StyleHelper.OnTriggerSourcePropertyInvalidated(Style ownerStyle, FrameworkTemplate frameworkTemplate, DependencyObject container, DependencyProperty dp, DependencyPropertyChangedEventArgs changedArgs, Boolean invalidateOnlyContainer, FrugalStructList`1& triggerSourceRecordFromChildIndex, FrugalMap& propertyTriggersWithActions, Int32 sourceChildIndex)
   at System.Windows.FrameworkElement.OnPropertyChanged(DependencyPropertyChangedEventArgs e)
   at System.Windows.DependencyObject.NotifyPropertyChange(DependencyPropertyChangedEventArgs args)
   at System.Windows.DependencyObject.UpdateEffectiveValue(EntryIndex entryIndex, DependencyProperty dp, PropertyMetadata metadata, EffectiveValueEntry oldEntry, EffectiveValueEntry& newEntry, Boolean coerceWithDeferredReference, Boolean coerceWithCurrentValue, OperationType operationType)
   at System.Windows.DependencyObject.SetValueCommon(DependencyProperty dp, Object value, PropertyMetadata metadata, Boolean coerceWithDeferredReference, Boolean coerceWithCurrentValue, OperationType operationType, Boolean isInternal)
   at System.Windows.DependencyObject.SetValue(DependencyPropertyKey key, Object value)
   at System.Windows.Input.KeyboardDevice.ChangeFocus(DependencyObject focus, Int32 timestamp)
   at System.Windows.Input.KeyboardDevice.Focus(DependencyObject focus, Boolean askOld, Boolean askNew, Boolean forceToNullIfFailed)
   at System.Windows.Input.KeyboardDevice.Focus(IInputElement element)
   at System.Windows.Interop.HwndKeyboardInputProvider.OnSetFocus(IntPtr hwnd)
   at System.Windows.Interop.HwndKeyboardInputProvider.FilterMessage(IntPtr hwnd, WindowMessage message, IntPtr wParam, IntPtr lParam, Boolean& handled)
   at System.Windows.Interop.HwndSource.InputFilterMessage(IntPtr hwnd, Int32 msg, IntPtr wParam, IntPtr lParam, Boolean& handled)
   at System.Windows.Threading.ExceptionWrapper.InternalRealCall(Delegate callback, Object args, Int32 numArgs)
   at System.Windows.Threading.ExceptionWrapper.TryCatchWhen(Object source, Delegate callback, Object args, Int32 numArgs, Delegate catchHandler)
2026-09-12 15:35:42Z startupCompleted=True System.InvalidOperationException: '{DependencyProperty.UnsetValue}' is not a valid value for property 'Effect'.
   at System.Windows.DependencyObject.GetEffectiveValue(EntryIndex entryIndex, DependencyProperty dp, RequestFlags requests)
   at System.Windows.DependencyObject.GetValueEntry(EntryIndex entryIndex, DependencyProperty dp, PropertyMetadata metadata, RequestFlags requests)
   at System.Windows.DependencyObject.GetValue(DependencyProperty dp)
   at System.Windows.UIElement.get_Effect()
   at System.Windows.UIElement.OnEffectChanged(DependencyObject d, DependencyPropertyChangedEventArgs e)
   at System.Windows.FrameworkElement.OnPropertyChanged(DependencyPropertyChangedEventArgs e)
   at System.Windows.DependencyObject.NotifyPropertyChange(DependencyPropertyChangedEventArgs args)
   at System.Windows.DependencyObject.UpdateEffectiveValue(EntryIndex entryIndex, DependencyProperty dp, PropertyMetadata metadata, EffectiveValueEntry oldEntry, EffectiveValueEntry& newEntry, Boolean coerceWithDeferredReference, Boolean coerceWithCurrentValue, OperationType operationType)
   at System.Windows.StyleHelper.InvalidateDependents(Style ownerStyle, FrameworkTemplate frameworkTemplate, DependencyObject container, DependencyProperty dp, FrugalStructList`1& dependents, Boolean invalidateOnlyContainer)
   at System.Windows.StyleHelper.OnTriggerSourcePropertyInvalidated(Style ownerStyle, FrameworkTemplate frameworkTemplate, DependencyObject container, DependencyProperty dp, DependencyPropertyChangedEventArgs changedArgs, Boolean invalidateOnlyContainer, FrugalStructList`1& triggerSourceRecordFromChildIndex, FrugalMap& propertyTriggersWithActions, Int32 sourceChildIndex)
   at System.Windows.FrameworkElement.OnPropertyChanged(DependencyPropertyChangedEventArgs e)
   at System.Windows.DependencyObject.NotifyPropertyChange(DependencyPropertyChangedEventArgs args)
   at System.Windows.DependencyObject.UpdateEffectiveValue(EntryIndex entryIndex, DependencyProperty dp, PropertyMetadata metadata, EffectiveValueEntry oldEntry, EffectiveValueEntry& newEntry, Boolean coerceWithDeferredReference, Boolean coerceWithCurrentValue, OperationType operationType)
   at System.Windows.DependencyObject.SetValueCommon(DependencyProperty dp, Object value, PropertyMetadata metadata, Boolean coerceWithDeferredReference, Boolean coerceWithCurrentValue, OperationType operationType, Boolean isInternal)
   at System.Windows.DependencyObject.SetValue(DependencyPropertyKey key, Object value)
   at System.Windows.Input.KeyboardDevice.ChangeFocus(DependencyObject focus, Int32 timestamp)
   at System.Windows.Input.KeyboardDevice.Focus(DependencyObject focus, Boolean askOld, Boolean askNew, Boolean forceToNullIfFailed)
   at System.Windows.Input.KeyboardDevice.Focus(IInputElement element)
   at System.Windows.Interop.HwndKeyboardInputProvider.OnSetFocus(IntPtr hwnd)
   at System.Windows.Interop.HwndKeyboardInputProvider.FilterMessage(IntPtr hwnd, WindowMessage message, IntPtr wParam, IntPtr lParam, Boolean& handled)
   at System.Windows.Interop.HwndSource.InputFilterMessage(IntPtr hwnd, Int32 msg, IntPtr wParam, IntPtr lParam, Boolean& handled)
   at System.Windows.Threading.ExceptionWrapper.InternalRealCall(Delegate callback, Object args, Int32 numArgs)
   at System.Windows.Threading.ExceptionWrapper.TryCatchWhen(Object source, Delegate callback, Object args, Int32 numArgs, Delegate catchHandler)
2026-09-12 15:35:44Z startupCompleted=True System.InvalidOperationException: '{DependencyProperty.UnsetValue}' is not a valid value for property 'Effect'.
   at System.Windows.DependencyObject.GetEffectiveValue(EntryIndex entryIndex, DependencyProperty dp, RequestFlags requests)
   at System.Windows.DependencyObject.GetValueEntry(EntryIndex entryIndex, DependencyProperty dp, PropertyMetadata metadata, RequestFlags requests)
   at System.Windows.DependencyObject.GetValue(DependencyProperty dp)
   at System.Windows.UIElement.get_Effect()
   at System.Windows.UIElement.OnEffectChanged(DependencyObject d, DependencyPropertyChangedEventArgs e)
   at System.Windows.FrameworkElement.OnPropertyChanged(DependencyPropertyChangedEventArgs e)
   at System.Windows.DependencyObject.NotifyPropertyChange(DependencyPropertyChangedEventArgs args)
   at System.Windows.DependencyObject.UpdateEffectiveValue(EntryIndex entryIndex, DependencyProperty dp, PropertyMetadata metadata, EffectiveValueEntry oldEntry, EffectiveValueEntry& newEntry, Boolean coerceWithDeferredReference, Boolean coerceWithCurrentValue, OperationType operationType)
   at System.Windows.StyleHelper.InvalidateDependents(Style ownerStyle, FrameworkTemplate frameworkTemplate, DependencyObject container, DependencyProperty dp, FrugalStructList`1& dependents, Boolean invalidateOnlyContainer)
   at System.Windows.StyleHelper.OnTriggerSourcePropertyInvalidated(Style ownerStyle, FrameworkTemplate frameworkTemplate, DependencyObject container, DependencyProperty dp, DependencyPropertyChangedEventArgs changedArgs, Boolean invalidateOnlyContainer, FrugalStructList`1& triggerSourceRecordFromChildIndex, FrugalMap& propertyTriggersWithActions, Int32 sourceChildIndex)
   at System.Windows.FrameworkElement.OnPropertyChanged(DependencyPropertyChangedEventArgs e)
   at System.Windows.DependencyObject.NotifyPropertyChange(DependencyPropertyChangedEventArgs args)
   at System.Windows.DependencyObject.UpdateEffectiveValue(EntryIndex entryIndex, DependencyProperty dp, PropertyMetadata metadata, EffectiveValueEntry oldEntry, EffectiveValueEntry& newEntry, Boolean coerceWithDeferredReference, Boolean coerceWithCurrentValue, OperationType operationType)
   at System.Windows.DependencyObject.SetValueCommon(DependencyProperty dp, Object value, PropertyMetadata metadata, Boolean coerceWithDeferredReference, Boolean coerceWithCurrentValue, OperationType operationType, Boolean isInternal)
   at System.Windows.DependencyObject.SetValue(DependencyPropertyKey key, Object value)
   at System.Windows.Input.KeyboardDevice.ChangeFocus(DependencyObject focus, Int32 timestamp)
   at System.Windows.Input.KeyboardDevice.Focus(DependencyObject focus, Boolean askOld, Boolean askNew, Boolean forceToNullIfFailed)
   at System.Windows.Input.KeyboardDevice.Focus(IInputElement element)
   at System.Windows.Interop.HwndKeyboardInputProvider.OnSetFocus(IntPtr hwnd)
   at System.Windows.Interop.HwndKeyboardInputProvider.FilterMessage(IntPtr hwnd, WindowMessage message, IntPtr wParam, IntPtr lParam, Boolean& handled)
   at System.Windows.Interop.HwndSource.InputFilterMessage(IntPtr hwnd, Int32 msg, IntPtr wParam, IntPtr lParam, Boolean& handled)
   at System.Windows.Threading.ExceptionWrapper.InternalRealCall(Delegate callback, Object args, Int32 numArgs)
   at System.Windows.Threading.ExceptionWrapper.TryCatchWhen(Object source, Delegate callback, Object args, Int32 numArgs, Delegate catchHandler)
2026-09-12 15:35:46Z startupCompleted=True System.InvalidOperationException: '{DependencyProperty.UnsetValue}' is not a valid value for property 'Effect'.
   at System.Windows.DependencyObject.GetEffectiveValue(EntryIndex entryIndex, DependencyProperty dp, RequestFlags requests)
   at System.Windows.DependencyObject.GetValueEntry(EntryIndex entryIndex, DependencyProperty dp, PropertyMetadata metadata, RequestFlags requests)
   at System.Windows.DependencyObject.GetValue(DependencyProperty dp)
   at System.Windows.UIElement.get_Effect()
   at System.Windows.UIElement.OnEffectChanged(DependencyObject d, DependencyPropertyChangedEventArgs e)
   at System.Windows.FrameworkElement.OnPropertyChanged(DependencyPropertyChangedEventArgs e)
   at System.Windows.DependencyObject.NotifyPropertyChange(DependencyPropertyChangedEventArgs args)
   at System.Windows.DependencyObject.UpdateEffectiveValue(EntryIndex entryIndex, DependencyProperty dp, PropertyMetadata metadata, EffectiveValueEntry oldEntry, EffectiveValueEntry& newEntry, Boolean coerceWithDeferredReference, Boolean coerceWithCurrentValue, OperationType operationType)
   at System.Windows.StyleHelper.InvalidateDependents(Style ownerStyle, FrameworkTemplate frameworkTemplate, DependencyObject container, DependencyProperty dp, FrugalStructList`1& dependents, Boolean invalidateOnlyContainer)
   at System.Windows.StyleHelper.OnTriggerSourcePropertyInvalidated(Style ownerStyle, FrameworkTemplate frameworkTemplate, DependencyObject container, DependencyProperty dp, DependencyPropertyChangedEventArgs changedArgs, Boolean invalidateOnlyContainer, FrugalStructList`1& triggerSourceRecordFromChildIndex, FrugalMap& propertyTriggersWithActions, Int32 sourceChildIndex)
   at System.Windows.FrameworkElement.OnPropertyChanged(DependencyPropertyChangedEventArgs e)
   at System.Windows.DependencyObject.NotifyPropertyChange(DependencyPropertyChangedEventArgs args)
   at System.Windows.DependencyObject.UpdateEffectiveValue(EntryIndex entryIndex, DependencyProperty dp, PropertyMetadata metadata, EffectiveValueEntry oldEntry, EffectiveValueEntry& newEntry, Boolean coerceWithDeferredReference, Boolean coerceWithCurrentValue, OperationType operationType)
   at System.Windows.DependencyObject.SetValueCommon(DependencyProperty dp, Object value, PropertyMetadata metadata, Boolean coerceWithDeferredReference, Boolean coerceWithCurrentValue, OperationType operationType, Boolean isInternal)
   at System.Windows.DependencyObject.SetValue(DependencyPropertyKey key, Object value)
   at System.Windows.Input.KeyboardDevice.ChangeFocus(DependencyObject focus, Int32 timestamp)
   at System.Windows.Input.KeyboardDevice.Focus(DependencyObject focus, Boolean askOld, Boolean askNew, Boolean forceToNullIfFailed)
   at System.Windows.Input.KeyboardDevice.Focus(IInputElement element)
   at System.Windows.Interop.HwndKeyboardInputProvider.OnSetFocus(IntPtr hwnd)
   at System.Windows.Interop.HwndKeyboardInputProvider.FilterMessage(IntPtr hwnd, WindowMessage message, IntPtr wParam, IntPtr lParam, Boolean& handled)
   at System.Windows.Interop.HwndSource.InputFilterMessage(IntPtr hwnd, Int32 msg, IntPtr wParam, IntPtr lParam, Boolean& handled)
   at System.Windows.Threading.ExceptionWrapper.InternalRealCall(Delegate callback, Object args, Int32 numArgs)
   at System.Windows.Threading.ExceptionWrapper.TryCatchWhen(Object source, Delegate callback, Object args, Int32 numArgs, Delegate catchHandler)
2026-09-12 15:35:48Z startupCompleted=True System.InvalidOperationException: '{DependencyProperty.UnsetValue}' is not a valid value for property 'Effect'.
   at System.Windows.DependencyObject.GetEffectiveValue(EntryIndex entryIndex, DependencyProperty dp, RequestFlags requests)
   at System.Windows.DependencyObject.GetValueEntry(EntryIndex entryIndex, DependencyProperty dp, PropertyMetadata metadata, RequestFlags requests)
   at System.Windows.DependencyObject.GetValue(DependencyProperty dp)
   at System.Windows.UIElement.get_Effect()
   at System.Windows.UIElement.OnEffectChanged(DependencyObject d, DependencyPropertyChangedEventArgs e)
   at System.Windows.FrameworkElement.OnPropertyChanged(DependencyPropertyChangedEventArgs e)
   at System.Windows.DependencyObject.NotifyPropertyChange(DependencyPropertyChangedEventArgs args)
   at System.Windows.DependencyObject.UpdateEffectiveValue(EntryIndex entryIndex, DependencyProperty dp, PropertyMetadata metadata, EffectiveValueEntry oldEntry, EffectiveValueEntry& newEntry, Boolean coerceWithDeferredReference, Boolean coerceWithCurrentValue, OperationType operationType)
   at System.Windows.StyleHelper.InvalidateDependents(Style ownerStyle, FrameworkTemplate frameworkTemplate, DependencyObject container, DependencyProperty dp, FrugalStructList`1& dependents, Boolean invalidateOnlyContainer)
   at System.Windows.StyleHelper.OnTriggerSourcePropertyInvalidated(Style ownerStyle, FrameworkTemplate frameworkTemplate, DependencyObject container, DependencyProperty dp, DependencyPropertyChangedEventArgs changedArgs, Boolean invalidateOnlyContainer, FrugalStructList`1& triggerSourceRecordFromChildIndex, FrugalMap& propertyTriggersWithActions, Int32 sourceChildIndex)
   at System.Windows.FrameworkElement.OnPropertyChanged(DependencyPropertyChangedEventArgs e)
   at System.Windows.DependencyObject.NotifyPropertyChange(DependencyPropertyChangedEventArgs args)
   at System.Windows.DependencyObject.UpdateEffectiveValue(EntryIndex entryIndex, DependencyProperty dp, PropertyMetadata metadata, EffectiveValueEntry oldEntry, EffectiveValueEntry& newEntry, Boolean coerceWithDeferredReference, Boolean coerceWithCurrentValue, OperationType operationType)
   at System.Windows.DependencyObject.SetValueCommon(DependencyProperty dp, Object value, PropertyMetadata metadata, Boolean coerceWithDeferredReference, Boolean coerceWithCurrentValue, OperationType operationType, Boolean isInternal)
   at System.Windows.DependencyObject.SetValue(DependencyPropertyKey key, Object value)
   at System.Windows.Input.KeyboardDevice.ChangeFocus(DependencyObject focus, Int32 timestamp)
   at System.Windows.Input.KeyboardDevice.Focus(DependencyObject focus, Boolean askOld, Boolean askNew, Boolean forceToNullIfFailed)
   at System.Windows.Input.KeyboardDevice.Focus(IInputElement element)
   at System.Windows.Interop.HwndKeyboardInputProvider.OnSetFocus(IntPtr hwnd)
   at System.Windows.Interop.HwndKeyboardInputProvider.FilterMessage(IntPtr hwnd, WindowMessage message, IntPtr wParam, IntPtr lParam, Boolean& handled)
   at System.Windows.Interop.HwndSource.InputFilterMessage(IntPtr hwnd, Int32 msg, IntPtr wParam, IntPtr lParam, Boolean& handled)
   at System.Windows.Threading.ExceptionWrapper.InternalRealCall(Delegate callback, Object args, Int32 numArgs)
   at System.Windows.Threading.ExceptionWrapper.TryCatchWhen(Object source, Delegate callback, Object args, Int32 numArgs, Delegate catchHandler)
2026-09-12 15:35:50Z startupCompleted=True System.InvalidOperationException: '{DependencyProperty.UnsetValue}' is not a valid value for property 'Effect'.
   at System.Windows.DependencyObject.GetEffectiveValue(EntryIndex entryIndex, DependencyProperty dp, RequestFlags requests)
   at System.Windows.DependencyObject.GetValueEntry(EntryIndex entryIndex, DependencyProperty dp, PropertyMetadata metadata, RequestFlags requests)
   at System.Windows.DependencyObject.GetValue(DependencyProperty dp)
   at System.Windows.UIElement.get_Effect()
   at System.Windows.UIElement.OnEffectChanged(DependencyObject d, DependencyPropertyChangedEventArgs e)
   at System.Windows.FrameworkElement.OnPropertyChanged(DependencyPropertyChangedEventArgs e)
   at System.Windows.DependencyObject.NotifyPropertyChange(DependencyPropertyChangedEventArgs args)
   at System.Windows.DependencyObject.UpdateEffectiveValue(EntryIndex entryIndex, DependencyProperty dp, PropertyMetadata metadata, EffectiveValueEntry oldEntry, EffectiveValueEntry& newEntry, Boolean coerceWithDeferredReference, Boolean coerceWithCurrentValue, OperationType operationType)
   at System.Windows.StyleHelper.InvalidateDependents(Style ownerStyle, FrameworkTemplate frameworkTemplate, DependencyObject container, DependencyProperty dp, FrugalStructList`1& dependents, Boolean invalidateOnlyContainer)
   at System.Windows.StyleHelper.OnTriggerSourcePropertyInvalidated(Style ownerStyle, FrameworkTemplate frameworkTemplate, DependencyObject container, DependencyProperty dp, DependencyPropertyChangedEventArgs changedArgs, Boolean invalidateOnlyContainer, FrugalStructList`1& triggerSourceRecordFromChildIndex, FrugalMap& propertyTriggersWithActions, Int32 sourceChildIndex)
   at System.Windows.FrameworkElement.OnPropertyChanged(DependencyPropertyChangedEventArgs e)
   at System.Windows.DependencyObject.NotifyPropertyChange(DependencyPropertyChangedEventArgs args)
   at System.Windows.DependencyObject.UpdateEffectiveValue(EntryIndex entryIndex, DependencyProperty dp, PropertyMetadata metadata, EffectiveValueEntry oldEntry, EffectiveValueEntry& newEntry, Boolean coerceWithDeferredReference, Boolean coerceWithCurrentValue, OperationType operationType)
   at System.Windows.DependencyObject.SetValueCommon(DependencyProperty dp, Object value, PropertyMetadata metadata, Boolean coerceWithDeferredReference, Boolean coerceWithCurrentValue, OperationType operationType, Boolean isInternal)
   at System.Windows.DependencyObject.SetValue(DependencyPropertyKey key, Object value)
   at System.Windows.Input.KeyboardDevice.ChangeFocus(DependencyObject focus, Int32 timestamp)
   at System.Windows.Input.KeyboardDevice.Focus(DependencyObject focus, Boolean askOld, Boolean askNew, Boolean forceToNullIfFailed)
   at System.Windows.Input.KeyboardDevice.Focus(IInputElement element)
   at System.Windows.Interop.HwndKeyboardInputProvider.OnSetFocus(IntPtr hwnd)
   at System.Windows.Interop.HwndKeyboardInputProvider.FilterMessage(IntPtr hwnd, WindowMessage message, IntPtr wParam, IntPtr lParam, Boolean& handled)
   at System.Windows.Interop.HwndSource.InputFilterMessage(IntPtr hwnd, Int32 msg, IntPtr wParam, IntPtr lParam, Boolean& handled)
   at System.Windows.Threading.ExceptionWrapper.InternalRealCall(Delegate callback, Object args, Int32 numArgs)
   at System.Windows.Threading.ExceptionWrapper.TryCatchWhen(Object source, Delegate callback, Object args, Int32 numArgs, Delegate catchHandler)
2026-09-12 15:39:03Z startupCompleted=True System.InvalidOperationException: '{DependencyProperty.UnsetValue}' is not a valid value for property 'Effect'.
   at System.Windows.DependencyObject.GetEffectiveValue(EntryIndex entryIndex, DependencyProperty dp, RequestFlags requests)
   at System.Windows.DependencyObject.GetValueEntry(EntryIndex entryIndex, DependencyProperty dp, PropertyMetadata metadata, RequestFlags requests)
   at System.Windows.DependencyObject.GetValue(DependencyProperty dp)
   at System.Windows.UIElement.get_Effect()
   at System.Windows.UIElement.OnEffectChanged(DependencyObject d, DependencyPropertyChangedEventArgs e)
   at System.Windows.FrameworkElement.OnPropertyChanged(DependencyPropertyChangedEventArgs e)
   at System.Windows.DependencyObject.NotifyPropertyChange(DependencyPropertyChangedEventArgs args)
   at System.Windows.DependencyObject.UpdateEffectiveValue(EntryIndex entryIndex, DependencyProperty dp, PropertyMetadata metadata, EffectiveValueEntry oldEntry, EffectiveValueEntry& newEntry, Boolean coerceWithDeferredReference, Boolean coerceWithCurrentValue, OperationType operationType)
   at System.Windows.DependencyObject.InvalidateProperty(DependencyProperty dp, Boolean preserveCurrentValue)
   at System.Windows.StyleHelper.InvalidateDependents(Style ownerStyle, FrameworkTemplate frameworkTemplate, DependencyObject container, DependencyProperty dp, FrugalStructList`1& dependents, Boolean invalidateOnlyContainer)
   at System.Windows.StyleHelper.OnTriggerSourcePropertyInvalidated(Style ownerStyle, FrameworkTemplate frameworkTemplate, DependencyObject container, DependencyProperty dp, DependencyPropertyChangedEventArgs changedArgs, Boolean invalidateOnlyContainer, FrugalStructList`1& triggerSourceRecordFromChildIndex, FrugalMap& propertyTriggersWithActions, Int32 sourceChildIndex)
   at System.Windows.FrameworkElement.OnPropertyChanged(DependencyPropertyChangedEventArgs e)
   at System.Windows.DependencyObject.NotifyPropertyChange(DependencyPropertyChangedEventArgs args)
   at System.Windows.DependencyObject.UpdateEffectiveValue(EntryIndex entryIndex, DependencyProperty dp, PropertyMetadata metadata, EffectiveValueEntry oldEntry, EffectiveValueEntry& newEntry, Boolean coerceWithDeferredReference, Boolean coerceWithCurrentValue, OperationType operationType)
   at System.Windows.DependencyObject.SetValueCommon(DependencyProperty dp, Object value, PropertyMetadata metadata, Boolean coerceWithDeferredReference, Boolean coerceWithCurrentValue, OperationType operationType, Boolean isInternal)
   at System.Windows.DependencyObject.SetValue(DependencyPropertyKey key, Object value)
   at System.Windows.Input.KeyboardDevice.ChangeFocus(DependencyObject focus, Int32 timestamp)
   at System.Windows.Input.KeyboardDevice.Focus(DependencyObject focus, Boolean askOld, Boolean askNew, Boolean forceToNullIfFailed)
   at System.Windows.Input.KeyboardDevice.Focus(IInputElement element)
   at System.Windows.UIElement.Focus()
   at System.Windows.Controls.Primitives.ButtonBase.OnMouseLeftButtonDown(MouseButtonEventArgs e)
   at System.Windows.RoutedEventArgs.InvokeHandler(Delegate handler, Object target)
   at System.Windows.EventRoute.InvokeHandlersImpl(Object source, RoutedEventArgs args, Boolean reRaised)
   at System.Windows.UIElement.ReRaiseEventAs(DependencyObject sender, RoutedEventArgs args, RoutedEvent newEvent)
   at System.Windows.RoutedEventArgs.InvokeHandler(Delegate handler, Object target)
   at System.Windows.EventRoute.InvokeHandlersImpl(Object source, RoutedEventArgs args, Boolean reRaised)
   at System.Windows.UIElement.RaiseEventImpl(DependencyObject sender, RoutedEventArgs args)
   at System.Windows.UIElement.RaiseTrustedEvent(RoutedEventArgs args)
   at System.Windows.Input.InputManager.ProcessStagingArea()
   at System.Windows.Interop.HwndMouseInputProvider.ReportInput(IntPtr hwnd, InputMode mode, Int32 timestamp, RawMouseActions actions, Int32 x, Int32 y, Int32 wheel)
   at System.Windows.Interop.HwndMouseInputProvider.FilterMessage(IntPtr hwnd, WindowMessage msg, IntPtr wParam, IntPtr lParam, Boolean& handled)
   at System.Windows.Interop.HwndSource.InputFilterMessage(IntPtr hwnd, Int32 msg, IntPtr wParam, IntPtr lParam, Boolean& handled)
   at System.Windows.Threading.ExceptionWrapper.InternalRealCall(Delegate callback, Object args, Int32 numArgs)
   at System.Windows.Threading.ExceptionWrapper.TryCatchWhen(Object source, Delegate callback, Object args, Int32 numArgs, Delegate catchHandler)
